
> sidebar-frontend@0.1.0 dev
> vite --debug

2025-08-22T09:06:26.780Z vite:config bundled config file loaded in 101.35ms
2025-08-22T09:06:26.800Z vite:config using resolved config: {
  plugins: [
    'vite:optimized-deps',
    'vite:watch-package-data',
    'vite:pre-alias',
    'alias',
    'vite:react-babel',
    'vite:react-refresh',
    'vite:modulepreload-polyfill',
    'vite:resolve',
    'vite:html-inline-proxy',
    'vite:css',
    'vite:esbuild',
    'vite:json',
    'vite:wasm-helper',
    'vite:worker',
    'vite:asset',
    'vite:wasm-fallback',
    'vite:define',
    'vite:css-post',
    'vite:worker-import-meta-url',
    'vite:asset-import-meta-url',
    'vite:dynamic-import-vars',
    'vite:import-glob',
    'vite:client-inject',
    'vite:css-analysis',
    'vite:import-analysis'
  ],
  optimizeDeps: {
    holdUntilCrawlEnd: true,
    force: undefined,
    esbuildOptions: { preserveSymlinks: false, jsx: 'automatic' },
    include: [
      'react',
      'react-dom',
      'react/jsx-dev-runtime',
      'react/jsx-runtime'
    ]
  },
  server: {
    preTransformRequests: true,
    host: undefined,
    sourcemapIgnoreList: [Function: isInNodeModules$1],
    middlewareMode: false,
    fs: {
      strict: true,
      allow: [Array],
      deny: [Array],
      cachedChecks: undefined
    }
  },
  esbuild: { jsxDev: true, jsx: 'automatic', jsxImportSource: undefined },
  build: {
    target: [ 'es2020', 'edge88', 'firefox78', 'chrome87', 'safari14' ],
    cssTarget: [ 'es2020', 'edge88', 'firefox78', 'chrome87', 'safari14' ],
    outDir: 'dist',
    assetsDir: 'assets',
    assetsInlineLimit: 4096,
    cssCodeSplit: true,
    sourcemap: false,
    rollupOptions: { onwarn: [Function: onwarn] },
    minify: 'esbuild',
    terserOptions: {},
    write: true,
    emptyOutDir: null,
    copyPublicDir: true,
    manifest: false,
    lib: false,
    ssr: false,
    ssrManifest: false,
    ssrEmitAssets: false,
    reportCompressedSize: true,
    chunkSizeWarningLimit: 500,
    watch: null,
    commonjsOptions: { include: [Array], extensions: [Array] },
    dynamicImportVarsOptions: { warnOnError: true, exclude: [Array] },
    modulePreload: { polyfill: true },
    cssMinify: true
  },
  resolve: {
    mainFields: [ 'browser', 'module', 'jsnext:main', 'jsnext' ],
    conditions: [],
    extensions: [
      '.mjs',  '.js',
      '.mts',  '.ts',
      '.jsx',  '.tsx',
      '.json'
    ],
    dedupe: [ 'react', 'react-dom' ],
    preserveSymlinks: false,
    alias: [ [Object], [Object] ]
  },
  configFile: '/app/vite.config.js',
  configFileDependencies: [ '/app/vite.config.js' ],
  inlineConfig: {
    root: undefined,
    base: undefined,
    mode: undefined,
    configFile: undefined,
    logLevel: undefined,
    clearScreen: undefined,
    optimizeDeps: { force: undefined },
    server: { host: undefined }
  },
  root: '/app',
  base: '/',
  decodedBase: '/',
  rawBase: '/',
  publicDir: '/app/public',
  cacheDir: '/app/node_modules/.vite',
  command: 'serve',
  mode: 'development',
  ssr: {
    target: 'node',
    optimizeDeps: { noDiscovery: true, esbuildOptions: [Object] }
  },
  isWorker: false,
  mainConfig: null,
  bundleChain: [],
  isProduction: false,
  css: { lightningcss: undefined },
  preview: {
    port: undefined,
    strictPort: undefined,
    host: undefined,
    allowedHosts: undefined,
    https: undefined,
    open: undefined,
    proxy: undefined,
    cors: undefined,
    headers: undefined
  },
  envDir: '/app',
  env: { BASE_URL: '/', MODE: 'development', DEV: true, PROD: false },
  assetsInclude: [Function: assetsInclude],
  logger: {
    hasWarned: false,
    info: [Function: info],
    warn: [Function: warn],
    warnOnce: [Function: warnOnce],
    error: [Function: error],
    clearScreen: [Function: clearScreen],
    hasErrorLogged: [Function: hasErrorLogged]
  },
  packageCache: Map(1) {
    'fnpd_/app' => {
      dir: '/app',
      data: [Object],
      hasSideEffects: [Function: hasSideEffects],
      webResolvedImports: {},
      nodeResolvedImports: {},
      setResolvedCache: [Function: setResolvedCache],
      getResolvedCache: [Function: getResolvedCache]
    },
    set: [Function (anonymous)]
  },
  createResolver: [Function: createResolver],
  worker: { format: 'iife', plugins: '() => plugins', rollupOptions: {} },
  appType: 'spa',
  experimental: { importGlobRestoreExtension: false, hmrPartialAccept: false },
  webSocketToken: 'Y1I0wzDxBDOD',
  additionalAllowedHosts: [],
  getSortedPlugins: [Function: getSortedPlugins],
  getSortedPluginHooks: [Function: getSortedPluginHooks]
}
2025-08-22T09:06:26.845Z vite:deps removing old cache dir /app/node_modules/.vite/deps
2025-08-22T09:06:26.870Z vite:resolve 6.49ms react -> /app/node_modules/react/index.js
2025-08-22T09:06:26.872Z vite:resolve 1.51ms react-dom -> /app/node_modules/react-dom/index.js
2025-08-22T09:06:26.873Z vite:resolve 1.00ms react/jsx-dev-runtime -> /app/node_modules/react/jsx-dev-runtime.js
2025-08-22T09:06:26.875Z vite:resolve 0.71ms react/jsx-runtime -> /app/node_modules/react/jsx-runtime.js
2025-08-22T09:06:26.881Z vite:deps scanning for dependencies...

  VITE v5.4.19  ready in 747 ms

  ➜  Local:   http://localhost:5173/
  ➜  Network: use --host to expose
2025-08-22T09:06:26.909Z vite:hmr [file change] vite-debug.log
2025-08-22T09:06:26.910Z vite:hmr [no modules matched] vite-debug.log
2025-08-22T09:06:27.367Z vite:deps Crawling dependencies using entries:
  /app/public/index.html
2025-08-22T09:06:27.371Z vite:hmr [file change] vite-debug.log
2025-08-22T09:06:27.371Z vite:hmr [no modules matched] vite-debug.log
2025-08-22T09:06:27.411Z vite:resolve 0.37ms /src/index.tsx -> /app/src/index.tsx
2025-08-22T09:06:27.422Z vite:resolve 1.23ms react -> /app/node_modules/react/index.js
2025-08-22T09:06:27.424Z vite:hmr [file change] vite-debug.log
2025-08-22T09:06:27.425Z vite:hmr [no modules matched] vite-debug.log
2025-08-22T09:06:27.426Z vite:resolve 0.74ms react-dom/client -> /app/node_modules/react-dom/client.js
2025-08-22T09:06:27.430Z vite:resolve 0.28ms ./App.tsx -> /app/src/App.tsx
2025-08-22T09:06:27.450Z vite:resolve 10.79ms ./lib/mocks -> /app/src/lib/mocks/index.ts
2025-08-22T09:06:27.451Z vite:resolve 0.46ms react/jsx-runtime -> /app/node_modules/react/jsx-runtime.js
2025-08-22T09:06:27.458Z vite:resolve 2.32ms ./browser -> /app/src/lib/mocks/browser.ts
2025-08-22T09:06:27.460Z vite:resolve 1.20ms @tanstack/react-query -> /app/node_modules/@tanstack/react-query/build/modern/index.js
2025-08-22T09:06:27.462Z vite:resolve 0.76ms @tanstack/react-query-devtools -> /app/node_modules/@tanstack/react-query-devtools/build/modern/index.js
2025-08-22T09:06:27.464Z vite:resolve 1.05ms ./lib/hooks/useBookmarkData -> /app/src/lib/hooks/useBookmarkData.ts
2025-08-22T09:06:27.468Z vite:resolve 2.23ms msw/browser -> /app/node_modules/msw/lib/browser/index.mjs
2025-08-22T09:06:27.471Z vite:resolve 1.44ms ./handlers -> /app/src/lib/mocks/handlers.ts
2025-08-22T09:06:27.476Z vite:resolve 1.47ms ../api/client -> /app/src/lib/api/client.ts
2025-08-22T09:06:27.478Z vite:resolve 0.52ms msw -> /app/node_modules/msw/lib/core/index.mjs
2025-08-22T09:06:27.480Z vite:hmr [file change] vite-debug.log
2025-08-22T09:06:27.480Z vite:hmr [no modules matched] vite-debug.log
2025-08-22T09:06:27.481Z vite:resolve 1.21ms ./data -> /app/src/lib/mocks/data.ts
2025-08-22T09:06:27.504Z vite:deps Scan completed in 623.23ms:
  @tanstack/react-query -> /app/node_modules/@tanstack/react-query/build/modern/index.js
  @tanstack/react-query-devtools -> /app/node_modules/@tanstack/react-query-devtools/build/modern/index.js
  msw -> /app/node_modules/msw/lib/core/index.mjs
  msw/browser -> /app/node_modules/msw/lib/browser/index.mjs
  react -> /app/node_modules/react/index.js
  react-dom/client -> /app/node_modules/react-dom/client.js
  react/jsx-runtime -> /app/node_modules/react/jsx-runtime.js
2025-08-22T09:06:27.508Z vite:deps creating package.json in /app/node_modules/.vite/deps_temp_c9a34a0e
2025-08-22T09:06:27.554Z vite:resolve 2.11ms @tanstack/query-core -> /app/node_modules/@tanstack/query-core/build/modern/index.js
2025-08-22T09:06:27.561Z vite:hmr [file change] vite-debug.log
2025-08-22T09:06:27.562Z vite:hmr [no modules matched] vite-debug.log
